******************************************************************************
                  TI ARM Linker PC v20.2.7                     
******************************************************************************
>> Linked Tue Nov 26 12:06:00 2024

OUTPUT FILE NAME:   <Project.out>
ENTRY POINT SYMBOL: "_c_int00_noargs"  address: 000051c1


MEMORY CONFIGURATION

         name            origin    length      used     unused   attr    fill
----------------------  --------  ---------  --------  --------  ----  --------
  FLASH                 00000000   00040000  0000554c  0003aab4  R  X
  SRAM                  20000000   00008000  0000067d  00007983  RW X


SEGMENT ALLOCATION MAP

run origin  load origin   length   init length attrs members
----------  ----------- ---------- ----------- ----- -------
00000000    00000000    00005550   00005550    r-x
  00000000    00000000    0000026c   0000026c    r-- .intvecs
  0000026c    0000026c    00005034   00005034    r-x .text
  000052a0    000052a0    00000274   00000274    r-- .const
  00005518    00005518    00000038   00000038    r-- .cinit
20000000    20000000    00000681   00000000    rw-
  20000000    20000000    00000454   00000000    rw- .bss
  20000458    20000458    00000200   00000000    rw- .stack
  20000658    20000658    00000029   00000000    rw- .data


SECTION ALLOCATION MAP

 output                                  attributes/
section   page    origin      length       input sections
--------  ----  ----------  ----------   ----------------
.intvecs   0    00000000    0000026c     
                  00000000    0000026c     tm4c123gh6pm_startup_ccs.obj (.intvecs)

.text      0    0000026c    00005034     
                  0000026c    00001588     kernel.obj (.text)
                  000017f4    00000c9c     mm.obj (.text)
                  00002490    00000b04     uart0.obj (.text)
                  00002f94    00000a08     shell.obj (.text)
                  0000399c    00000808     gpio.obj (.text)
                  000041a4    00000550     tasks.obj (.text)
                  000046f4    000003a0     faults.obj (.text)
                  00004a94    00000260     rtos.obj (.text)
                  00004cf4    00000136     rtsv7M4_T_le_v4SPD16_eabi.lib : fd_div_t2.asm.obj (.text)
                  00004e2a    000000fc                                   : fd_mul_t2.asm.obj (.text)
                  00004f26    0000009c                                   : memcpy_t2.asm.obj (.text)
                  00004fc2    00000090     asp.obj (.text)
                  00005052    0000007a     rtsv7M4_T_le_v4SPD16_eabi.lib : memset_t2.asm.obj (.text)
                  000050cc    00000068                                   : copy_decompress_lzss.c.obj (.text:decompress:lzss:__TI_decompress_lzss)
                  00005134    00000048                                   : fd_toi_t2.asm.obj (.text)
                  0000517c    00000044                                   : autoinit.c.obj (.text:__TI_auto_init_nobinit_nopinit:__TI_auto_init_nobinit_nopinit)
                  000051c0    00000034                                   : boot_cortex_m.c.obj (.text:_c_int00_noargs:_c_int00_noargs)
                  000051f4    0000002c                                   : ull_tofd_t2.asm.obj (.text)
                  00005220    00000024     wait.obj (.text)
                  00005244    0000001e     rtsv7M4_T_le_v4SPD16_eabi.lib : ll_lsl_t2.asm.obj (.text)
                  00005262    00000002     --HOLE-- [fill = 0]
                  00005264    00000010     clock.obj (.text)
                  00005274    0000000e     rtsv7M4_T_le_v4SPD16_eabi.lib : copy_decompress_none.c.obj (.text:decompress:none:__TI_decompress_none)
                  00005282    0000000c                                   : copy_zero_init.c.obj (.text:decompress:ZI:__TI_zero_init)
                  0000528e    0000000a     tm4c123gh6pm_startup_ccs.obj (.text)
                  00005298    00000004     rtsv7M4_T_le_v4SPD16_eabi.lib : pre_init.c.obj (.text:_system_pre_init)
                  0000529c    00000004                                   : exit.c.obj (.text:abort:abort)

.const     0    000052a0    00000274     
                  000052a0    00000150     shell.obj (.const:$P$T0$1)
                  000053f0    000000e4     shell.obj (.const:$P$T2$3)
                  000054d4    00000040     shell.obj (.const:$P$T1$2)

.cinit     0    00005518    00000038     
                  00005518    00000012     (.cinit..data.load) [load image, compression = lzss]
                  0000552a    00000002     --HOLE-- [fill = 0]
                  0000552c    0000000c     (__TI_handler_table)
                  00005538    00000008     (.cinit..bss.load) [load image, compression = zero_init]
                  00005540    00000010     (__TI_cinit_table)

.init_array 
*          0    00000000    00000000     UNINITIALIZED

.bss       0    20000000    00000454     UNINITIALIZED
                  20000000    00000300     (.common:tcb)
                  20000300    00000140     (.common:HCB_table)
                  20000440    0000000c     (.common:semaphores)
                  2000044c    00000008     (.common:mutexes)

.data      0    20000658    00000029     UNINITIALIZED
                  20000658    00000010     kernel.obj (.data:lastTaskRan$2)
                  20000668    0000000a     kernel.obj (.data)
                  20000672    00000003     tasks.obj (.data)
                  20000675    00000003     --HOLE--
                  20000678    00000009     mm.obj (.data)

.stack     0    20000458    00000200     UNINITIALIZED
                  20000458    00000004     rtsv7M4_T_le_v4SPD16_eabi.lib : boot_cortex_m.c.obj (.stack)
                  2000045c    000001fc     --HOLE--

__llvm_prf_cnts 
*          0    20000000    00000000     UNINITIALIZED

MODULE SUMMARY

       Module                         code    ro data   rw data
       ------                         ----    -------   -------
    .\
       kernel.obj                     5512    0         1134   
       mm.obj                         3228    0         9      
       shell.obj                      2568    628       0      
       uart0.obj                      2820    0         0      
       gpio.obj                       2056    0         0      
       tasks.obj                      1360    0         3      
       faults.obj                     928     0         0      
       tm4c123gh6pm_startup_ccs.obj   10      620       0      
       rtos.obj                       608     0         0      
       asp.obj                        144     0         0      
       wait.obj                       36      0         0      
       clock.obj                      16      0         0      
    +--+------------------------------+-------+---------+---------+
       Total:                         19286   1248      1146   
                                                               
    C:\ti\ccs1240\ccs\tools\compiler\ti-cgt-arm_20.2.7.LTS\lib\rtsv7M4_T_le_v4SPD16_eabi.lib
       fd_div_t2.asm.obj              310     0         0      
       fd_mul_t2.asm.obj              252     0         0      
       memcpy_t2.asm.obj              156     0         0      
       memset_t2.asm.obj              122     0         0      
       copy_decompress_lzss.c.obj     104     0         0      
       fd_toi_t2.asm.obj              72      0         0      
       autoinit.c.obj                 68      0         0      
       boot_cortex_m.c.obj            52      0         0      
       ull_tofd_t2.asm.obj            44      0         0      
       ll_lsl_t2.asm.obj              30      0         0      
       copy_decompress_none.c.obj     14      0         0      
       copy_zero_init.c.obj           12      0         0      
       exit.c.obj                     4       0         0      
       pre_init.c.obj                 4       0         0      
    +--+------------------------------+-------+---------+---------+
       Total:                         1244    0         0      
                                                               
       Stack:                         0       0         512    
       Linker Generated:              0       54        0      
    +--+------------------------------+-------+---------+---------+
       Grand Total:                   20530   1302      1658   


LINKER GENERATED COPY TABLES

__TI_cinit_table @ 00005540 records: 2, size/record: 8, table size: 16
	.data: load addr=00005518, load size=00000012 bytes, run addr=20000658, run size=00000029 bytes, compression=lzss
	.bss: load addr=00005538, load size=00000008 bytes, run addr=20000000, run size=00000454 bytes, compression=zero_init


LINKER GENERATED HANDLER TABLE

__TI_handler_table @ 0000552c records: 3, size/record: 4, table size: 12
	index: 0, handler: __TI_decompress_lzss
	index: 1, handler: __TI_decompress_none
	index: 2, handler: __TI_zero_init


GLOBAL SYMBOLS: SORTED ALPHABETICALLY BY Name 

address   name                          
-------   ----                          
0000529d  C$$EXIT                       
20000300  HCB_table                     
0000528f  ResetISR                      
20000658  __STACK_END                   
00000200  __STACK_SIZE                  
20000658  __STACK_TOP                   
00005540  __TI_CINIT_Base               
00005550  __TI_CINIT_Limit              
0000552c  __TI_Handler_Table_Base       
00005538  __TI_Handler_Table_Limit      
0000517d  __TI_auto_init_nobinit_nopinit
000050cd  __TI_decompress_lzss          
00005275  __TI_decompress_none          
ffffffff  __TI_pprof_out_hndl           
ffffffff  __TI_prof_data_size           
ffffffff  __TI_prof_data_start          
00000000  __TI_static_base__            
00005283  __TI_zero_init                
00005135  __aeabi_d2iz                  
00004cf5  __aeabi_ddiv                  
00004e2b  __aeabi_dmul                  
00005245  __aeabi_llsl                  
00005053  __aeabi_memclr                
00005053  __aeabi_memclr4               
00005053  __aeabi_memclr8               
00004f27  __aeabi_memcpy                
00004f27  __aeabi_memcpy4               
00004f27  __aeabi_memcpy8               
00005055  __aeabi_memset                
00005055  __aeabi_memset4               
00005055  __aeabi_memset8               
000051f5  __aeabi_ul2d                  
ffffffff  __binit__                     
ffffffff  __c_args__                    
UNDEFED   __mpu_init                    
20000458  __stack                       
20000000  __start___llvm_prf_cnts       
20000000  __stop___llvm_prf_cnts        
000051c1  _c_int00_noargs               
00000759  _mallocFromHeap               
UNDEFED   _system_post_cinit            
00005299  _system_pre_init              
0000529d  abort                         
00002313  addSramAccessWindow           
0000225b  allowFlashAccess              
00002273  allowPeripheralAccess         
000023ed  applySramAccessMask           
ffffffff  binit                         
00004841  busFaultIsr                   
00003ff1  clearPinInterrupt             
00002309  createNoSramAccessMask        
00000489  createThread                  
00004649  debounce                      
00003fcd  disablePinInterrupt           
00003d05  disablePinPulldown            
00003cbd  disablePinPullup              
00003a59  disablePort                   
00002b0b  display                       
20000672  dutyCycle                     
00003fa9  enablePinInterrupt            
00003ce1  enablePinPulldown             
00003c8f  enablePinPullup               
0000399d  enablePort                    
0000469b  errant                        
0000214f  find_SR                       
00004453  flash4Hz                      
00001e49  freeTask                      
00001db1  freeToHeap                    
00000000  g_pfnVectors                  
0000201d  getAddress                    
00002831  getFieldInteger               
00002801  getFieldString                
00004ff1  getMSP                        
000017a7  getPID                        
00004feb  getPSP                        
0000405f  getPinValue                   
00004115  getPortValue                  
00005051  getR0                         
00002567  getcUart0                     
000025cd  getsUart0                     
000047b3  hardFaultIsr                  
0000440b  idle                          
0000442f  idle2                         
000046b9  important                     
000041a5  initHw                        
000042d5  initLEDpwm                    
0000026d  initMutex                     
000002ed  initRtos                      
000002b5  initSemaphore                 
00005265  initSystemClockTo40Mhz        
00002491  initUart0                     
0000331d  ipcs                          
0000295f  isCommand                     
000029f1  itos                          
0000257b  kbhitUart0                    
0000341d  kill                          
000044d5  lengthyFn                     
0000071b  lock                          
00004a95  main                          
000017f5  mallocFromHeap                
00004f27  memcpy                        
00003781  meminfo                       
0000505b  memset                        
000046f5  mpuFaultIsr                   
2000044c  mutexes                       
20000680  numAllocs                     
00004481  oneshot                       
00002669  parseFields                   
000044a7  partOfLengthyFn               
0000087d  pendSvIsr                     
000034c5  pi                            
0000359d  pidof                         
2000066a  ping                          
00003471  pkill                         
00005027  popRegsOnPSP                  
00000745  post                          
000034e3  preempt                       
2000066d  preemption                    
00002cfb  printMem                      
00002e27  printMtx                      
00002b77  printPS                       
00002d6f  printSem                      
2000066c  priorityInheritance           
2000066b  priorityScheduler             
0000323b  ps                            
00004ff7  pushRegsOnPSP                 
0000251f  putcUart0                     
00002b4d  putsPidKilled                 
0000253b  putsUart0                     
00004591  readKeys                      
00004373  readPbs                       
00003203  reboot                        
000006e3  restartThread                 
00000345  rtosScheduler                 
000036bd  runProc                       
0000351b  sched                         
00003bc3  selectPinAnalogInput          
00003b75  selectPinDigitalInput         
00003edf  selectPinInterruptBothEdges   
00003e8f  selectPinInterruptFallingEdge 
00003f35  selectPinInterruptHighLevel   
00003f6f  selectPinInterruptLowLevel    
00003e3f  selectPinInterruptRisingEdge  
00003b27  selectPinOpenDrainOutput      
00003ad9  selectPinPushPullOutput       
20000440  semaphores                    
00004fc7  setASP                        
00004fc3  setPSP                        
00003d2d  setPinAuxFunction             
00003c13  setPinCommitControl           
00004015  setPinValue                   
0000409d  setPortValue                  
00004fd9  setTMPL                       
000006fb  setThreadPriority             
000024db  setUart0BaudRate              
0000228f  setupSramAccess               
00002f95  shell                         
0000070f  sleep                         
00004885  stackDump                     
00000455  startRtos                     
20000674  step                          
000006ef  stopThread                    
00002595  strgcmp                       
00002ac7  strgcopy                      
20000678  subRegInUse                   
00001fb1  subregs_free                  
0000094d  svCallIsr                     
00000775  systickIsr                    
20000669  taskCount                     
20000668  taskCurrent                   
000015c1  taskKill                      
00001411  taskRestart                   
000012e9  taskUnlock                    
20000000  tcb                           
0000403b  togglePinValue                
0000468b  uncooperative                 
00000729  unlock                        
00004861  usageFaultIsr                 
0000431b  wTimer1Isr                    
00000737  wait                          
00005221  waitMicrosecond               
0000070b  yield                         


GLOBAL SYMBOLS: SORTED BY Symbol Address 

address   name                          
-------   ----                          
00000000  __TI_static_base__            
00000000  g_pfnVectors                  
00000200  __STACK_SIZE                  
0000026d  initMutex                     
000002b5  initSemaphore                 
000002ed  initRtos                      
00000345  rtosScheduler                 
00000455  startRtos                     
00000489  createThread                  
000006e3  restartThread                 
000006ef  stopThread                    
000006fb  setThreadPriority             
0000070b  yield                         
0000070f  sleep                         
0000071b  lock                          
00000729  unlock                        
00000737  wait                          
00000745  post                          
00000759  _mallocFromHeap               
00000775  systickIsr                    
0000087d  pendSvIsr                     
0000094d  svCallIsr                     
000012e9  taskUnlock                    
00001411  taskRestart                   
000015c1  taskKill                      
000017a7  getPID                        
000017f5  mallocFromHeap                
00001db1  freeToHeap                    
00001e49  freeTask                      
00001fb1  subregs_free                  
0000201d  getAddress                    
0000214f  find_SR                       
0000225b  allowFlashAccess              
00002273  allowPeripheralAccess         
0000228f  setupSramAccess               
00002309  createNoSramAccessMask        
00002313  addSramAccessWindow           
000023ed  applySramAccessMask           
00002491  initUart0                     
000024db  setUart0BaudRate              
0000251f  putcUart0                     
0000253b  putsUart0                     
00002567  getcUart0                     
0000257b  kbhitUart0                    
00002595  strgcmp                       
000025cd  getsUart0                     
00002669  parseFields                   
00002801  getFieldString                
00002831  getFieldInteger               
0000295f  isCommand                     
000029f1  itos                          
00002ac7  strgcopy                      
00002b0b  display                       
00002b4d  putsPidKilled                 
00002b77  printPS                       
00002cfb  printMem                      
00002d6f  printSem                      
00002e27  printMtx                      
00002f95  shell                         
00003203  reboot                        
0000323b  ps                            
0000331d  ipcs                          
0000341d  kill                          
00003471  pkill                         
000034c5  pi                            
000034e3  preempt                       
0000351b  sched                         
0000359d  pidof                         
000036bd  runProc                       
00003781  meminfo                       
0000399d  enablePort                    
00003a59  disablePort                   
00003ad9  selectPinPushPullOutput       
00003b27  selectPinOpenDrainOutput      
00003b75  selectPinDigitalInput         
00003bc3  selectPinAnalogInput          
00003c13  setPinCommitControl           
00003c8f  enablePinPullup               
00003cbd  disablePinPullup              
00003ce1  enablePinPulldown             
00003d05  disablePinPulldown            
00003d2d  setPinAuxFunction             
00003e3f  selectPinInterruptRisingEdge  
00003e8f  selectPinInterruptFallingEdge 
00003edf  selectPinInterruptBothEdges   
00003f35  selectPinInterruptHighLevel   
00003f6f  selectPinInterruptLowLevel    
00003fa9  enablePinInterrupt            
00003fcd  disablePinInterrupt           
00003ff1  clearPinInterrupt             
00004015  setPinValue                   
0000403b  togglePinValue                
0000405f  getPinValue                   
0000409d  setPortValue                  
00004115  getPortValue                  
000041a5  initHw                        
000042d5  initLEDpwm                    
0000431b  wTimer1Isr                    
00004373  readPbs                       
0000440b  idle                          
0000442f  idle2                         
00004453  flash4Hz                      
00004481  oneshot                       
000044a7  partOfLengthyFn               
000044d5  lengthyFn                     
00004591  readKeys                      
00004649  debounce                      
0000468b  uncooperative                 
0000469b  errant                        
000046b9  important                     
000046f5  mpuFaultIsr                   
000047b3  hardFaultIsr                  
00004841  busFaultIsr                   
00004861  usageFaultIsr                 
00004885  stackDump                     
00004a95  main                          
00004cf5  __aeabi_ddiv                  
00004e2b  __aeabi_dmul                  
00004f27  __aeabi_memcpy                
00004f27  __aeabi_memcpy4               
00004f27  __aeabi_memcpy8               
00004f27  memcpy                        
00004fc3  setPSP                        
00004fc7  setASP                        
00004fd9  setTMPL                       
00004feb  getPSP                        
00004ff1  getMSP                        
00004ff7  pushRegsOnPSP                 
00005027  popRegsOnPSP                  
00005051  getR0                         
00005053  __aeabi_memclr                
00005053  __aeabi_memclr4               
00005053  __aeabi_memclr8               
00005055  __aeabi_memset                
00005055  __aeabi_memset4               
00005055  __aeabi_memset8               
0000505b  memset                        
000050cd  __TI_decompress_lzss          
00005135  __aeabi_d2iz                  
0000517d  __TI_auto_init_nobinit_nopinit
000051c1  _c_int00_noargs               
000051f5  __aeabi_ul2d                  
00005221  waitMicrosecond               
00005245  __aeabi_llsl                  
00005265  initSystemClockTo40Mhz        
00005275  __TI_decompress_none          
00005283  __TI_zero_init                
0000528f  ResetISR                      
00005299  _system_pre_init              
0000529d  C$$EXIT                       
0000529d  abort                         
0000552c  __TI_Handler_Table_Base       
00005538  __TI_Handler_Table_Limit      
00005540  __TI_CINIT_Base               
00005550  __TI_CINIT_Limit              
20000000  __start___llvm_prf_cnts       
20000000  __stop___llvm_prf_cnts        
20000000  tcb                           
20000300  HCB_table                     
20000440  semaphores                    
2000044c  mutexes                       
20000458  __stack                       
20000658  __STACK_END                   
20000658  __STACK_TOP                   
20000668  taskCurrent                   
20000669  taskCount                     
2000066a  ping                          
2000066b  priorityScheduler             
2000066c  priorityInheritance           
2000066d  preemption                    
20000672  dutyCycle                     
20000674  step                          
20000678  subRegInUse                   
20000680  numAllocs                     
ffffffff  __TI_pprof_out_hndl           
ffffffff  __TI_prof_data_size           
ffffffff  __TI_prof_data_start          
ffffffff  __binit__                     
ffffffff  __c_args__                    
ffffffff  binit                         
UNDEFED   __mpu_init                    
UNDEFED   _system_post_cinit            

[182 symbols]
